Upgrading gradle.properties
Upgrading gradle.properties
Running Gradle task 'assembleRelease'...                        
Warning: Flutter support for your project's Gradle version (8.10.2) will soon be dropped. Please upgrade your Gradle version to a version of at least 8.14.0 soon.
Alternatively, use the flag "--android-skip-build-dependency-validation" to bypass this check.

Potential fix: Your project's gradle version is typically defined in the gradle wrapper file. By default, this can be found at /home/runner/work/library/library/mobile/android/gradle/wrapper/gradle-wrapper.properties. 
For more information, see https://docs.gradle.org/current/userguide/gradle_wrapper.html.

Warning: Flutter support for your project's Android Gradle Plugin version (Android Gradle Plugin version 8.7.0) will soon be dropped. Please upgrade your Android Gradle Plugin version to a version of at least Android Gradle Plugin version 8.11.1 soon.
Alternatively, use the flag "--android-skip-build-dependency-validation" to bypass this check.

Potential fix: Your project's AGP version is typically defined in the plugins block of the `settings.gradle` file (/home/runner/work/library/library/mobile/android/settings.gradle), by a plugin with the id of com.android.application. 
If you don't see a plugins block, your project was likely created with an older template version. In this case it is most likely defined in the top-level build.gradle file (/home/runner/work/library/library/mobile/android/build.gradle) by the following line in the dependencies block of the buildscript: "classpath 'com.android.tools.build:gradle:<version>'".

Warning: Flutter support for your project's Kotlin version (2.1.0) will soon be dropped. Please upgrade your Kotlin version to a version of at least 2.2.20 soon.
Alternatively, use the flag "--android-skip-build-dependency-validation" to bypass this check.

Potential fix: Your project's KGP version is typically defined in the plugins block of the `settings.gradle` file (/home/runner/work/library/library/mobile/android/settings.gradle), by a plugin with the id of org.jetbrains.kotlin.android. 
If you don't see a plugins block, your project was likely created with an older template version, in which case it is most likely defined in the top-level build.gradle file (/home/runner/work/library/library/mobile/android/build.gradle) by the ext.kotlin_version property.

Checking the license for package NDK (Side by side) 27.0.12077973 in /usr/local/lib/android/sdk/licenses
License for package NDK (Side by side) 27.0.12077973 accepted.
Preparing "Install NDK (Side by side) 27.0.12077973 v.27.0.12077973".
"Install NDK (Side by side) 27.0.12077973 v.27.0.12077973" ready.
Installing NDK (Side by side) 27.0.12077973 in /usr/local/lib/android/sdk/ndk/27.0.12077973
"Install NDK (Side by side) 27.0.12077973 v.27.0.12077973" complete.
"Install NDK (Side by side) 27.0.12077973 v.27.0.12077973" finished.
Checking the license for package Android SDK Platform 28 in /usr/local/lib/android/sdk/licenses
License for package Android SDK Platform 28 accepted.
Preparing "Install Android SDK Platform 28 (revision 6)".
"Install Android SDK Platform 28 (revision 6)" ready.
Installing Android SDK Platform 28 in /usr/local/lib/android/sdk/platforms/android-28
"Install Android SDK Platform 28 (revision 6)" complete.
"Install Android SDK Platform 28 (revision 6)" finished.
lib/main.dart:29:20: Error: The argument type 'CardTheme' can't be assigned to the parameter type 'CardThemeData?'.
 - 'CardTheme' is from 'package:flutter/src/material/card_theme.dart' ('/opt/hostedtoolcache/flutter/stable-3.44.8-x64/flutter/packages/flutter/lib/src/material/card_theme.dart').
 - 'CardThemeData' is from 'package:flutter/src/material/card_theme.dart' ('/opt/hostedtoolcache/flutter/stable-3.44.8-x64/flutter/packages/flutter/lib/src/material/card_theme.dart').
        cardTheme: CardTheme(
                   ^
lib/screens/home_screen.dart:83:37: Error: Member not found: 'white90'.
                      color: Colors.white90,
                                    ^^^^^^^
Target kernel_snapshot_program failed: Exception


FAILURE: Build completed with 2 failures.

1: Task failed with an exception.
-----------
* What went wrong:
Execution failed for task ':app:checkReleaseAarMetadata'.
> A failure occurred while executing com.android.build.gradle.internal.tasks.CheckAarMetadataWorkAction
   > 3 issues were found when checking AAR metadata:

       1.  Dependency 'androidx.browser:browser:1.9.0' requires Android Gradle plugin 8.9.1 or higher.

           This build currently uses Android Gradle plugin 8.7.0.

       2.  Dependency 'androidx.core:core-ktx:1.17.0' requires Android Gradle plugin 8.9.1 or higher.

           This build currently uses Android Gradle plugin 8.7.0.

       3.  Dependency 'androidx.core:core:1.17.0' requires Android Gradle plugin 8.9.1 or higher.

           This build currently uses Android Gradle plugin 8.7.0.

* Try:
> Run with --stacktrace option to get the stack trace.
> Run with --info or --debug option to get more log output.
> Run with --scan to get full insights.
> Get more help at https://help.gradle.org.
==============================================================================

2: Task failed with an exception.
-----------
* What went wrong:
Execution failed for task ':app:compileFlutterBuildRelease'.
> Process 'command '/opt/hostedtoolcache/flutter/stable-3.44.8-x64/flutter/bin/flutter'' finished with non-zero exit value 1

* Try:
> Run with --stacktrace option to get the stack trace.
> Run with --info or --debug option to get more log output.
> Run with --scan to get full insights.
> Get more help at https://help.gradle.org.
==============================================================================

BUILD FAILED in 2m 46s
Running Gradle task 'assembleRelease'...                          167.5s
Gradle task assembleRelease failed with exit code 1
